// Jest Snapshot v1, https://goo.gl/fbAQLP

exports[`renders Already Submitted Modal correctly 1`] = `
<div
  aria-hidden="true"
  data-aria-hidden="true"
/>
`;
